// Jest Snapshot v1, https://goo.gl/fbAQLP

exports[`UnassignUserForm renders form 1`] = `
<form
  action="/workbaskets/1/unassign-users/"
  data-testid="unassign-user-form"
  method="POST"
>
  <input
    name="csrfmiddlewaretoken"
    type="hidden"
    value="abc123"
  />
  <div
    className="govuk-form-group"
  >
    <label
      className="govuk-label"
      htmlFor="assignees-select"
    >
      Unassign user
    </label>
    <div
      className="govuk-hint"
      id="assignees-hint"
    >
      Select a user to unassign
    </div>
    <select
      data-testid="unassign-user-select"
      id="assignees-select"
      name="assignees"
      required={true}
    >
      <option
        value=""
      >
        Select a user
      </option>
      <option
        value={1}
      >
        User One
      </option>
      <option
        value={2}
      >
        User Two
      </option>
      <option
        value={3}
      >
        User Three
      </option>
    </select>
  </div>
  <button
    className="govuk-button"
    data-prevent-double-click="true"
    type="submit"
  >
    Save
  </button>
</form>
`;
